Archive member included because of file (symbol)

c:/program files (x86)/gnu tools arm embedded/4.8 2014q3/bin/../lib/gcc/arm-none-eabi/4.8.4/armv6-m\libgcc.a(_udivsi3.o)
                              ..\obj\stm32f0xx_rcc.o (__aeabi_uidiv)
c:/program files (x86)/gnu tools arm embedded/4.8 2014q3/bin/../lib/gcc/arm-none-eabi/4.8.4/armv6-m\libgcc.a(_dvmd_tls.o)
                              c:/program files (x86)/gnu tools arm embedded/4.8 2014q3/bin/../lib/gcc/arm-none-eabi/4.8.4/armv6-m\libgcc.a(_udivsi3.o) (__aeabi_idiv0)

Allocating common symbols
Common symbol       size              file

S                   0x12              ..\obj\SPI23LCXXXX.o
G                   0x8               ..\obj\main.o

Discarded input sections

 .text          0x00000000        0x0 ..\obj\stm32f0xx_rcc.o
 .data          0x00000000       0x10 ..\obj\stm32f0xx_rcc.o
 .bss           0x00000000        0x0 ..\obj\stm32f0xx_rcc.o
 .text.RCC_DeInit
                0x00000000       0x60 ..\obj\stm32f0xx_rcc.o
 .text.RCC_HSEConfig
                0x00000000       0x10 ..\obj\stm32f0xx_rcc.o
 .text.RCC_WaitForHSEStartUp
                0x00000000       0x3c ..\obj\stm32f0xx_rcc.o
 .text.RCC_AdjustHSICalibrationValue
                0x00000000       0x14 ..\obj\stm32f0xx_rcc.o
 .text.RCC_HSICmd
                0x00000000       0x20 ..\obj\stm32f0xx_rcc.o
 .text.RCC_AdjustHSI14CalibrationValue
                0x00000000       0x14 ..\obj\stm32f0xx_rcc.o
 .text.RCC_HSI14Cmd
                0x00000000       0x20 ..\obj\stm32f0xx_rcc.o
 .text.RCC_HSI14ADCRequestCmd
                0x00000000       0x20 ..\obj\stm32f0xx_rcc.o
 .text.RCC_LSEConfig
                0x00000000       0x20 ..\obj\stm32f0xx_rcc.o
 .text.RCC_LSEDriveConfig
                0x00000000       0x18 ..\obj\stm32f0xx_rcc.o
 .text.RCC_LSICmd
                0x00000000       0x20 ..\obj\stm32f0xx_rcc.o
 .text.RCC_PLLConfig
                0x00000000       0x20 ..\obj\stm32f0xx_rcc.o
 .text.RCC_PLLCmd
                0x00000000       0x24 ..\obj\stm32f0xx_rcc.o
 .text.RCC_PREDIV1Config
                0x00000000       0x14 ..\obj\stm32f0xx_rcc.o
 .text.RCC_ClockSecuritySystemCmd
                0x00000000       0x24 ..\obj\stm32f0xx_rcc.o
 .text.RCC_MCOConfig
                0x00000000        0xc ..\obj\stm32f0xx_rcc.o
 .text.RCC_SYSCLKConfig
                0x00000000       0x14 ..\obj\stm32f0xx_rcc.o
 .text.RCC_GetSYSCLKSource
                0x00000000       0x10 ..\obj\stm32f0xx_rcc.o
 .text.RCC_HCLKConfig
                0x00000000       0x14 ..\obj\stm32f0xx_rcc.o
 .text.RCC_PCLKConfig
                0x00000000       0x18 ..\obj\stm32f0xx_rcc.o
 .text.RCC_ADCCLKConfig
                0x00000000       0x34 ..\obj\stm32f0xx_rcc.o
 .text.RCC_CECCLKConfig
                0x00000000       0x18 ..\obj\stm32f0xx_rcc.o
 .text.RCC_I2CCLKConfig
                0x00000000       0x18 ..\obj\stm32f0xx_rcc.o
 .text.RCC_USARTCLKConfig
                0x00000000       0x18 ..\obj\stm32f0xx_rcc.o
 .text.RCC_GetClocksFreq
                0x00000000       0xf0 ..\obj\stm32f0xx_rcc.o
 .text.RCC_RTCCLKConfig
                0x00000000       0x10 ..\obj\stm32f0xx_rcc.o
 .text.RCC_RTCCLKCmd
                0x00000000       0x24 ..\obj\stm32f0xx_rcc.o
 .text.RCC_BackupResetCmd
                0x00000000       0x24 ..\obj\stm32f0xx_rcc.o
 .text.RCC_APB1PeriphClockCmd
                0x00000000       0x18 ..\obj\stm32f0xx_rcc.o
 .text.RCC_AHBPeriphResetCmd
                0x00000000       0x18 ..\obj\stm32f0xx_rcc.o
 .text.RCC_APB2PeriphResetCmd
                0x00000000       0x18 ..\obj\stm32f0xx_rcc.o
 .text.RCC_APB1PeriphResetCmd
                0x00000000       0x18 ..\obj\stm32f0xx_rcc.o
 .text.RCC_ITConfig
                0x00000000       0x18 ..\obj\stm32f0xx_rcc.o
 .text.RCC_GetFlagStatus
                0x00000000       0x34 ..\obj\stm32f0xx_rcc.o
 .text.RCC_ClearFlag
                0x00000000       0x14 ..\obj\stm32f0xx_rcc.o
 .text.RCC_GetITStatus
                0x00000000       0x14 ..\obj\stm32f0xx_rcc.o
 .text.RCC_ClearITPendingBit
                0x00000000        0xc ..\obj\stm32f0xx_rcc.o
 .text          0x00000000        0x0 ..\obj\main.o
 .data          0x00000000        0x0 ..\obj\main.o
 .bss           0x00000000        0x0 ..\obj\main.o
 .text          0x00000000       0x14 ..\obj\startup_stm32f0xx.o
 .data          0x00000000        0x0 ..\obj\startup_stm32f0xx.o
 .bss           0x00000000        0x0 ..\obj\startup_stm32f0xx.o
 .text          0x00000000        0x0 ..\obj\stm32f0xx_spi.o
 .data          0x00000000        0x0 ..\obj\stm32f0xx_spi.o
 .bss           0x00000000        0x0 ..\obj\stm32f0xx_spi.o
 .text.SPI_I2S_DeInit
                0x00000000       0x44 ..\obj\stm32f0xx_spi.o
 .text.SPI_StructInit
                0x00000000       0x1c ..\obj\stm32f0xx_spi.o
 .text.I2S_StructInit
                0x00000000       0x10 ..\obj\stm32f0xx_spi.o
 .text.I2S_Init
                0x00000000       0xa8 ..\obj\stm32f0xx_spi.o
 .text.SPI_TIModeCmd
                0x00000000       0x18 ..\obj\stm32f0xx_spi.o
 .text.I2S_Cmd  0x00000000       0x1c ..\obj\stm32f0xx_spi.o
 .text.SPI_DataSizeConfig
                0x00000000       0x10 ..\obj\stm32f0xx_spi.o
 .text.SPI_BiDirectionalLineConfig
                0x00000000       0x20 ..\obj\stm32f0xx_spi.o
 .text.SPI_NSSInternalSoftwareConfig
                0x00000000       0x24 ..\obj\stm32f0xx_spi.o
 .text.SPI_SSOutputCmd
                0x00000000       0x18 ..\obj\stm32f0xx_spi.o
 .text.SPI_NSSPulseModeCmd
                0x00000000       0x18 ..\obj\stm32f0xx_spi.o
 .text.SPI_I2S_SendData16
                0x00000000        0x4 ..\obj\stm32f0xx_spi.o
 .text.SPI_I2S_ReceiveData16
                0x00000000        0x8 ..\obj\stm32f0xx_spi.o
 .text.SPI_CRCLengthConfig
                0x00000000       0x14 ..\obj\stm32f0xx_spi.o
 .text.SPI_CalculateCRC
                0x00000000       0x1c ..\obj\stm32f0xx_spi.o
 .text.SPI_TransmitCRC
                0x00000000        0xc ..\obj\stm32f0xx_spi.o
 .text.SPI_GetCRC
                0x00000000       0x10 ..\obj\stm32f0xx_spi.o
 .text.SPI_GetCRCPolynomial
                0x00000000        0x8 ..\obj\stm32f0xx_spi.o
 .text.SPI_I2S_DMACmd
                0x00000000       0x14 ..\obj\stm32f0xx_spi.o
 .text.SPI_LastDMATransferCmd
                0x00000000       0x14 ..\obj\stm32f0xx_spi.o
 .text.SPI_I2S_ITConfig
                0x00000000       0x1c ..\obj\stm32f0xx_spi.o
 .text.SPI_GetTransmissionFIFOStatus
                0x00000000        0xc ..\obj\stm32f0xx_spi.o
 .text.SPI_GetReceptionFIFOStatus
                0x00000000        0xc ..\obj\stm32f0xx_spi.o
 .text.SPI_I2S_ClearFlag
                0x00000000        0x8 ..\obj\stm32f0xx_spi.o
 .text.SPI_I2S_GetITStatus
                0x00000000       0x28 ..\obj\stm32f0xx_spi.o
 .text          0x00000000        0x0 ..\obj\system_stm32f0xx_temp.o
 .data          0x00000000       0x14 ..\obj\system_stm32f0xx_temp.o
 .bss           0x00000000        0x0 ..\obj\system_stm32f0xx_temp.o
 .text.SystemCoreClockUpdate1
                0x00000000       0x60 ..\obj\system_stm32f0xx_temp.o
 .text          0x00000000        0x0 ..\obj\stm32f0xx_gpio.o
 .data          0x00000000        0x0 ..\obj\stm32f0xx_gpio.o
 .bss           0x00000000        0x0 ..\obj\stm32f0xx_gpio.o
 .text.GPIO_DeInit
                0x00000000       0xa4 ..\obj\stm32f0xx_gpio.o
 .text.GPIO_StructInit
                0x00000000       0x18 ..\obj\stm32f0xx_gpio.o
 .text.GPIO_PinLockConfig
                0x00000000       0x24 ..\obj\stm32f0xx_gpio.o
 .text.GPIO_ReadInputDataBit
                0x00000000        0xc ..\obj\stm32f0xx_gpio.o
 .text.GPIO_ReadInputData
                0x00000000        0x8 ..\obj\stm32f0xx_gpio.o
 .text.GPIO_ReadOutputDataBit
                0x00000000        0xc ..\obj\stm32f0xx_gpio.o
 .text.GPIO_ReadOutputData
                0x00000000        0x8 ..\obj\stm32f0xx_gpio.o
 .text.GPIO_WriteBit
                0x00000000        0xc ..\obj\stm32f0xx_gpio.o
 .text.GPIO_Write
                0x00000000        0x4 ..\obj\stm32f0xx_gpio.o
 .text          0x00000000        0x0 ..\obj\SPI23LCXXXX.o
 .data          0x00000000        0x0 ..\obj\SPI23LCXXXX.o
 .text.SPI_WaitFlags.part.0
                0x00000000       0x14 ..\obj\SPI23LCXXXX.o
 .text.SPI_SB   0x00000000       0x30 ..\obj\SPI23LCXXXX.o
 .text.S23_IOAccess
                0x00000000       0xac ..\obj\SPI23LCXXXX.o
 .text.S23_RByte
                0x00000000      0x100 ..\obj\SPI23LCXXXX.o
 .text.S23_RWord
                0x00000000      0x1a4 ..\obj\SPI23LCXXXX.o
 .text.S23_RDWord
                0x00000000      0x208 ..\obj\SPI23LCXXXX.o
 .text.S23_RFloat
                0x00000000        0x8 ..\obj\SPI23LCXXXX.o
 .text.S23_WriteModeReg
                0x00000000       0x74 ..\obj\SPI23LCXXXX.o
 .text.S23_ReadModeReg
                0x00000000       0x94 ..\obj\SPI23LCXXXX.o
 .text          0x00000000       0x9c c:/program files (x86)/gnu tools arm embedded/4.8 2014q3/bin/../lib/gcc/arm-none-eabi/4.8.4/armv6-m\libgcc.a(_udivsi3.o)
 .data          0x00000000        0x0 c:/program files (x86)/gnu tools arm embedded/4.8 2014q3/bin/../lib/gcc/arm-none-eabi/4.8.4/armv6-m\libgcc.a(_udivsi3.o)
 .bss           0x00000000        0x0 c:/program files (x86)/gnu tools arm embedded/4.8 2014q3/bin/../lib/gcc/arm-none-eabi/4.8.4/armv6-m\libgcc.a(_udivsi3.o)
 .debug_frame   0x00000000       0x20 c:/program files (x86)/gnu tools arm embedded/4.8 2014q3/bin/../lib/gcc/arm-none-eabi/4.8.4/armv6-m\libgcc.a(_udivsi3.o)
 .ARM.attributes
                0x00000000       0x1e c:/program files (x86)/gnu tools arm embedded/4.8 2014q3/bin/../lib/gcc/arm-none-eabi/4.8.4/armv6-m\libgcc.a(_udivsi3.o)
 .text          0x00000000        0x4 c:/program files (x86)/gnu tools arm embedded/4.8 2014q3/bin/../lib/gcc/arm-none-eabi/4.8.4/armv6-m\libgcc.a(_dvmd_tls.o)
 .data          0x00000000        0x0 c:/program files (x86)/gnu tools arm embedded/4.8 2014q3/bin/../lib/gcc/arm-none-eabi/4.8.4/armv6-m\libgcc.a(_dvmd_tls.o)
 .bss           0x00000000        0x0 c:/program files (x86)/gnu tools arm embedded/4.8 2014q3/bin/../lib/gcc/arm-none-eabi/4.8.4/armv6-m\libgcc.a(_dvmd_tls.o)
 .ARM.attributes
                0x00000000       0x1e c:/program files (x86)/gnu tools arm embedded/4.8 2014q3/bin/../lib/gcc/arm-none-eabi/4.8.4/armv6-m\libgcc.a(_dvmd_tls.o)

Memory Configuration

Name             Origin             Length             Attributes
rom              0x08000000         0x00010000         xr
ram              0x20000000         0x00002000         xrw
*default*        0x00000000         0xffffffff

Linker script and memory map

                0x20002000                _eram = 0x20002000

.text           0x08000000      0xcdc
 *(.isr_vector)
 .isr_vector    0x08000000       0xc4 ..\obj\startup_stm32f0xx.o
                0x08000000                g_pfnVectors
 *(.text*)
 .text.RCC_AHBPeriphClockCmd
                0x080000c4       0x18 ..\obj\stm32f0xx_rcc.o
                0x080000c4                RCC_AHBPeriphClockCmd
 .text.RCC_APB2PeriphClockCmd
                0x080000dc       0x18 ..\obj\stm32f0xx_rcc.o
                0x080000dc                RCC_APB2PeriphClockCmd
 .text.startup.main
                0x080000f4       0x64 ..\obj\main.o
                0x080000f4                main
 .text.Reset_Handler
                0x08000158       0x4c ..\obj\startup_stm32f0xx.o
                0x08000158                Reset_Handler
 .text.Default_Handler
                0x080001a4        0x2 ..\obj\startup_stm32f0xx.o
                0x080001a4                TIM1_CC_IRQHandler
                0x080001a4                HardFault_Handler
                0x080001a4                ADC1_COMP_IRQHandler
                0x080001a4                SysTick_Handler
                0x080001a4                PVD_IRQHandler
                0x080001a4                PendSV_Handler
                0x080001a4                NMI_Handler
                0x080001a4                I2C1_IRQHandler
                0x080001a4                SPI1_IRQHandler
                0x080001a4                TIM6_DAC_IRQHandler
                0x080001a4                EXTI2_3_IRQHandler
                0x080001a4                I2C2_IRQHandler
                0x080001a4                TIM17_IRQHandler
                0x080001a4                RTC_IRQHandler
                0x080001a4                TIM16_IRQHandler
                0x080001a4                TIM3_IRQHandler
                0x080001a4                EXTI4_15_IRQHandler
                0x080001a4                RCC_IRQHandler
                0x080001a4                DMA1_Channel1_IRQHandler
                0x080001a4                Default_Handler
                0x080001a4                CEC_IRQHandler
                0x080001a4                TIM14_IRQHandler
                0x080001a4                DMA1_Channel4_5_IRQHandler
                0x080001a4                TIM15_IRQHandler
                0x080001a4                EXTI0_1_IRQHandler
                0x080001a4                SPI2_IRQHandler
                0x080001a4                SVC_Handler
                0x080001a4                TS_IRQHandler
                0x080001a4                WWDG_IRQHandler
                0x080001a4                TIM2_IRQHandler
                0x080001a4                DMA1_Channel2_3_IRQHandler
                0x080001a4                USART2_IRQHandler
                0x080001a4                FLASH_IRQHandler
                0x080001a4                USART1_IRQHandler
                0x080001a4                TIM1_BRK_UP_TRG_COM_IRQHandler
 *fill*         0x080001a6        0x2 
 .text.SPI_Init
                0x080001a8       0x54 ..\obj\stm32f0xx_spi.o
                0x080001a8                SPI_Init
 .text.SPI_Cmd  0x080001fc       0x18 ..\obj\stm32f0xx_spi.o
                0x080001fc                SPI_Cmd
 .text.SPI_RxFIFOThresholdConfig
                0x08000214       0x14 ..\obj\stm32f0xx_spi.o
                0x08000214                SPI_RxFIFOThresholdConfig
 .text.SPI_SendData8
                0x08000228        0x4 ..\obj\stm32f0xx_spi.o
                0x08000228                SPI_SendData8
 .text.SPI_ReceiveData8
                0x0800022c        0x8 ..\obj\stm32f0xx_spi.o
                0x0800022c                SPI_ReceiveData8
 .text.SPI_I2S_GetFlagStatus
                0x08000234        0xc ..\obj\stm32f0xx_spi.o
                0x08000234                SPI_I2S_GetFlagStatus
 .text.SetSysClock1
                0x08000240       0xb8 ..\obj\system_stm32f0xx_temp.o
                0x08000240                SetSysClock
 .text.SystemInit1
                0x080002f8       0x64 ..\obj\system_stm32f0xx_temp.o
                0x080002f8                SystemInit
                0x080002f8                SystemInit1
 .text.GPIO_Init
                0x0800035c       0xbc ..\obj\stm32f0xx_gpio.o
                0x0800035c                GPIO_Init
 .text.GPIO_SetBits
                0x08000418        0x4 ..\obj\stm32f0xx_gpio.o
                0x08000418                GPIO_SetBits
 .text.GPIO_ResetBits
                0x0800041c        0x4 ..\obj\stm32f0xx_gpio.o
                0x0800041c                GPIO_ResetBits
 .text.GPIO_PinAFConfig
                0x08000420       0x24 ..\obj\stm32f0xx_gpio.o
                0x08000420                GPIO_PinAFConfig
 .text.S23LC_Init
                0x08000444      0x154 ..\obj\SPI23LCXXXX.o
                0x08000444                S23LC_Init
 .text.S23_WByte
                0x08000598       0xe4 ..\obj\SPI23LCXXXX.o
                0x08000598                S23_WByte
 .text.S23_WWord
                0x0800067c      0x178 ..\obj\SPI23LCXXXX.o
                0x0800067c                S23_WWord
 .text.S23_WDWord
                0x080007f4      0x1c8 ..\obj\SPI23LCXXXX.o
                0x080007f4                S23_WDWord
 .text.S23_WFloat
                0x080009bc      0x1cc ..\obj\SPI23LCXXXX.o
                0x080009bc                S23_WFloat
 .text.S23_SpeedTest
                0x08000b88      0x154 ..\obj\SPI23LCXXXX.o
                0x08000b88                S23_SpeedTest
 *(.init)
 *(.fini)
 *crtbegin.o(.ctors)
 *crtbegin?.o(.ctors)
 *(EXCLUDE_FILE(*crtend.o *crtend?.o) .ctors)
 *(SORT(.ctors.*))
 *(.ctors)
 *crtbegin.o(.dtors)
 *crtbegin?.o(.dtors)
 *(EXCLUDE_FILE(*crtend.o *crtend?.o) .dtors)
 *(SORT(.dtors.*))
 *(.dtors)
 *(.rodata*)
 *(.eh_fram e*)

.glue_7         0x08000cdc        0x0
 .glue_7        0x00000000        0x0 linker stubs

.glue_7t        0x08000cdc        0x0
 .glue_7t       0x00000000        0x0 linker stubs

.vfp11_veneer   0x08000cdc        0x0
 .vfp11_veneer  0x00000000        0x0 linker stubs

.v4_bx          0x08000cdc        0x0
 .v4_bx         0x00000000        0x0 linker stubs

.iplt           0x08000cdc        0x0
 .iplt          0x00000000        0x0 ..\obj\stm32f0xx_rcc.o

.rel.dyn        0x08000cdc        0x0
 .rel.iplt      0x00000000        0x0 ..\obj\stm32f0xx_rcc.o

.ARM.extab
 *(.ARM.extab* .gnu.linkonce.armextab.*)
                0x08000cdc                __exidx_start = .

.ARM.exidx
 *(.ARM.exidx* .gnu.linkonce.armexidx.*)
                0x08000cdc                __exidx_end = .
                0x08000cdc                __etext = .
                0x08000cdc                _sidata = __etext

.data           0x20000000        0x0 load address 0x08000cdc
                0x20000000                __data_start__ = .
                0x20000000                _sdata = __data_start__
 *(vtable)
 *(.data*)
                0x20000000                . = ALIGN (0x4)
                0x20000000                PROVIDE (__preinit_array_start, .)
 *(.preinit_array)
                0x20000000                PROVIDE (__preinit_array_end, .)
                0x20000000                . = ALIGN (0x4)
                0x20000000                PROVIDE (__init_array_start, .)
 *(SORT(.init_array.*))
 *(.init_array)
                0x20000000                PROVIDE (__init_array_end, .)
                0x20000000                . = ALIGN (0x4)
                0x20000000                PROVIDE (__fini_array_start, .)
 *(SORT(.fini_array.*))
 *(.fini_array)
                0x20000000                PROVIDE (__fini_array_end, .)
 *(.jcr*)
                0x20000000                . = ALIGN (0x4)
                0x20000000                __data_end__ = .
                0x20000000                _edata = __data_end__

.igot.plt       0x20000000        0x0
 .igot.plt      0x00000000        0x0 ..\obj\stm32f0xx_rcc.o

.bss            0x20000000       0x20
                0x20000000                . = ALIGN (0x4)
                0x20000000                __bss_start__ = .
                0x20000000                _sbss = __bss_start__
 *(.bss*)
 .bss           0x20000000        0x1 ..\obj\SPI23LCXXXX.o
                0x20000000                WriteMode
 *(COMMON)
 *fill*         0x20000001        0x3 
 COMMON         0x20000004        0x8 ..\obj\main.o
                0x20000004                G
 COMMON         0x2000000c       0x12 ..\obj\SPI23LCXXXX.o
                0x2000000c                S
                0x20000020                . = ALIGN (0x4)
 *fill*         0x2000001e        0x2 
                0x20000020                __bss_end__ = .
                0x20000020                _ebss = __bss_end__

.heap           0x20000020        0x0
                0x20000020                __end__ = .
                0x20000020                _end = __end__
                0x20000020                end = __end__
 *(.heap*)
                0x20000020                __HeapLimit = .

.co_stack       0x20000020        0x0
                0x20000020                . = ALIGN (0x8)
 *(.co_stack .co_stack.*)
                0x20002000                __StackTop = (ORIGIN (ram) + 0x2000)
                0x20002000                __StackLimit = (__StackTop - SIZEOF (.co_stack))
                0x20002000                PROVIDE (__stack, __StackTop)
                0x00000001                ASSERT ((__StackLimit >= __HeapLimit), region ram  overflowed with stack)
LOAD ..\obj\stm32f0xx_rcc.o
LOAD ..\obj\main.o
LOAD ..\obj\startup_stm32f0xx.o
LOAD ..\obj\stm32f0xx_spi.o
LOAD ..\obj\system_stm32f0xx_temp.o
LOAD ..\obj\stm32f0xx_gpio.o
LOAD ..\obj\SPI23LCXXXX.o
START GROUP
LOAD c:/program files (x86)/gnu tools arm embedded/4.8 2014q3/bin/../lib/gcc/arm-none-eabi/4.8.4/armv6-m\libgcc.a
LOAD c:/program files (x86)/gnu tools arm embedded/4.8 2014q3/bin/../lib/gcc/arm-none-eabi/4.8.4/../../../../arm-none-eabi/lib/armv6-m\libg.a
LOAD c:/program files (x86)/gnu tools arm embedded/4.8 2014q3/bin/../lib/gcc/arm-none-eabi/4.8.4/../../../../arm-none-eabi/lib/armv6-m\libc.a
END GROUP
OUTPUT(STM32F0_SPIRAM.elf elf32-littlearm)

.debug_info     0x00000000     0x6689
 .debug_info    0x00000000      0xa4a ..\obj\stm32f0xx_rcc.o
 .debug_info    0x00000a4a      0x458 ..\obj\main.o
 .debug_info    0x00000ea2       0xb6 ..\obj\startup_stm32f0xx.o
 .debug_info    0x00000f58      0xb4a ..\obj\stm32f0xx_spi.o
 .debug_info    0x00001aa2      0x2fd ..\obj\system_stm32f0xx_temp.o
 .debug_info    0x00001d9f      0x6f3 ..\obj\stm32f0xx_gpio.o
 .debug_info    0x00002492     0x41f7 ..\obj\SPI23LCXXXX.o

.debug_abbrev   0x00000000      0xc5b
 .debug_abbrev  0x00000000      0x2a3 ..\obj\stm32f0xx_rcc.o
 .debug_abbrev  0x000002a3      0x179 ..\obj\main.o
 .debug_abbrev  0x0000041c       0x12 ..\obj\startup_stm32f0xx.o
 .debug_abbrev  0x0000042e      0x1e5 ..\obj\stm32f0xx_spi.o
 .debug_abbrev  0x00000613      0x13f ..\obj\system_stm32f0xx_temp.o
 .debug_abbrev  0x00000752      0x1d2 ..\obj\stm32f0xx_gpio.o
 .debug_abbrev  0x00000924      0x337 ..\obj\SPI23LCXXXX.o

.debug_loc      0x00000000     0x1d50
 .debug_loc     0x00000000      0x8dc ..\obj\stm32f0xx_rcc.o
 .debug_loc     0x000008dc      0x662 ..\obj\stm32f0xx_spi.o
 .debug_loc     0x00000f3e      0x10e ..\obj\system_stm32f0xx_temp.o
 .debug_loc     0x0000104c      0x321 ..\obj\stm32f0xx_gpio.o
 .debug_loc     0x0000136d      0x9e3 ..\obj\SPI23LCXXXX.o

.debug_aranges  0x00000000      0x3e8
 .debug_aranges
                0x00000000      0x150 ..\obj\stm32f0xx_rcc.o
 .debug_aranges
                0x00000150       0x20 ..\obj\main.o
 .debug_aranges
                0x00000170       0x28 ..\obj\startup_stm32f0xx.o
 .debug_aranges
                0x00000198      0x110 ..\obj\stm32f0xx_spi.o
 .debug_aranges
                0x000002a8       0x30 ..\obj\system_stm32f0xx_temp.o
 .debug_aranges
                0x000002d8       0x80 ..\obj\stm32f0xx_gpio.o
 .debug_aranges
                0x00000358       0x90 ..\obj\SPI23LCXXXX.o

.debug_ranges   0x00000000      0x4d8
 .debug_ranges  0x00000000      0x158 ..\obj\stm32f0xx_rcc.o
 .debug_ranges  0x00000158       0x10 ..\obj\main.o
 .debug_ranges  0x00000168       0x20 ..\obj\startup_stm32f0xx.o
 .debug_ranges  0x00000188      0x100 ..\obj\stm32f0xx_spi.o
 .debug_ranges  0x00000288       0x20 ..\obj\system_stm32f0xx_temp.o
 .debug_ranges  0x000002a8       0x70 ..\obj\stm32f0xx_gpio.o
 .debug_ranges  0x00000318      0x1c0 ..\obj\SPI23LCXXXX.o

.debug_line     0x00000000     0x1992
 .debug_line    0x00000000      0x5bf ..\obj\stm32f0xx_rcc.o
 .debug_line    0x000005bf      0x1e1 ..\obj\main.o
 .debug_line    0x000007a0       0xb1 ..\obj\startup_stm32f0xx.o
 .debug_line    0x00000851      0x4ee ..\obj\stm32f0xx_spi.o
 .debug_line    0x00000d3f      0x1ea ..\obj\system_stm32f0xx_temp.o
 .debug_line    0x00000f29      0x328 ..\obj\stm32f0xx_gpio.o
 .debug_line    0x00001251      0x741 ..\obj\SPI23LCXXXX.o

.debug_str      0x00000000     0x1060
 .debug_str     0x00000000      0x683 ..\obj\stm32f0xx_rcc.o
                                0x721 (size before relaxing)
 .debug_str     0x00000683      0x23f ..\obj\main.o
                                0x382 (size before relaxing)
 .debug_str     0x000008c2      0x4a3 ..\obj\stm32f0xx_spi.o
                                0x73a (size before relaxing)
 .debug_str     0x00000d65       0xb0 ..\obj\system_stm32f0xx_temp.o
                                0x298 (size before relaxing)
 .debug_str     0x00000e15      0x16b ..\obj\stm32f0xx_gpio.o
                                0x4ae (size before relaxing)
 .debug_str     0x00000f80       0xe0 ..\obj\SPI23LCXXXX.o
                                0x5fe (size before relaxing)

.comment        0x00000000       0x70
 .comment       0x00000000       0x70 ..\obj\stm32f0xx_rcc.o
                                 0x71 (size before relaxing)
 .comment       0x00000000       0x71 ..\obj\main.o
 .comment       0x00000000       0x71 ..\obj\stm32f0xx_spi.o
 .comment       0x00000000       0x71 ..\obj\system_stm32f0xx_temp.o
 .comment       0x00000000       0x71 ..\obj\stm32f0xx_gpio.o
 .comment       0x00000000       0x71 ..\obj\SPI23LCXXXX.o

.ARM.attributes
                0x00000000       0x2f
 .ARM.attributes
                0x00000000       0x31 ..\obj\stm32f0xx_rcc.o
 .ARM.attributes
                0x00000031       0x31 ..\obj\main.o
 .ARM.attributes
                0x00000062       0x21 ..\obj\startup_stm32f0xx.o
 .ARM.attributes
                0x00000083       0x31 ..\obj\stm32f0xx_spi.o
 .ARM.attributes
                0x000000b4       0x31 ..\obj\system_stm32f0xx_temp.o
 .ARM.attributes
                0x000000e5       0x31 ..\obj\stm32f0xx_gpio.o
 .ARM.attributes
                0x00000116       0x31 ..\obj\SPI23LCXXXX.o

.debug_frame    0x00000000      0x7f4
 .debug_frame   0x00000000      0x298 ..\obj\stm32f0xx_rcc.o
 .debug_frame   0x00000298       0x28 ..\obj\main.o
 .debug_frame   0x000002c0      0x234 ..\obj\stm32f0xx_spi.o
 .debug_frame   0x000004f4       0x54 ..\obj\system_stm32f0xx_temp.o
 .debug_frame   0x00000548      0x110 ..\obj\stm32f0xx_gpio.o
 .debug_frame   0x00000658      0x19c ..\obj\SPI23LCXXXX.o
